../Core/Src/main.c:98:5:main	8	static
../Core/Src/main.c:185:6:SystemClock_Config	88	static
../Core/Src/main.c:226:13:MX_LPUART1_UART_Init	8	static
../Core/Src/main.c:276:13:MX_USART1_UART_Init	8	static
../Core/Src/main.c:326:13:MX_USART2_UART_Init	8	static
../Core/Src/main.c:376:13:MX_USART3_UART_Init	8	static
../Core/Src/main.c:414:13:MX_USART4_UART_Init	8	static
../Core/Src/main.c:450:13:MX_DMA_Init	16	static
../Core/Src/main.c:474:13:MX_GPIO_Init	24	static
../Core/Src/main.c:499:6:StartDefaultTask	16	static
../Core/Src/main.c:517:6:StartTask02	16	static
../Core/Src/main.c:532:6:Error_Handler	8	static,ignoring_inline_asm
